// Jest Snapshot v1, https://goo.gl/fbAQLP

exports[`displays the query 1`] = `
<form
  className=""
  onSubmit={[Function]}
>
  <div
    className="input-group"
  >
    <label
      className="sr-only  form-control-label"
      htmlFor="search"
    >
      Haku
    </label>
    <input
      className="form-control"
      onChange={[Function]}
      placeholder="Haku"
      type="text"
      value="query"
    />
    <button
      className="btn btn-secondary"
      disabled={false}
      onClick={[Function]}
      type="submit"
    >
      Hae
    </button>
  </div>
</form>
`;
